
> remove-anything@0.3.1 build
> prisma generate && next build

Prisma schema loaded from prisma\schema.prisma

鉁?Generated Prisma Client (v6.12.0) to .\node_modules\@prisma\client in 84ms

Start by importing your Prisma Client (See: https://pris.ly/d/importing-client)

Tip: Need your database queries to be 1000x faster? Accelerate offers you that and more: https://pris.ly/tip-2-accelerate

  鈻?Next.js 14.2.5
  - Environments: .env.local

   Creating an optimized production build ...
node.exe : 
所在位置 C:\Program Files\nodejs\npm.ps1:29 字符: 3
+   & $NODE_EXE $NPM_CLI_JS $args
+   ~~~~~~~~~~~~~~~~~~~~~~~~~~~~~
    + CategoryInfo          : NotSpecified: (:String) [], RemoteException
    + FullyQualifiedErrorId : NativeCommandError
 
[next-intl] Reading request configuration from ./i18n.ts is deprecated, please see https://next-intl.dev/blog/next-intl-3-22#
i18n-request 鈥?you can either move your configuration to ./i18n/request.ts or provide a custom path in your Next.js config:

const withNextIntl = createNextIntlPlugin(
  './path/to/i18n/request.tsx'
);

Warning: Contentlayer might not work as expected on Windows
Warning: Found 1 problems in 21 documents.

 鈹斺攢鈹€ Invalid markdown in 1 documents. (Skipping documents)
     
     鈥?"blog/en/krea-flux-open-source-release.mdx" failed with YAMLParseError: Unexpected scalar at node end at line 7, column 66:
     
     tags: ["AI", "Image Generation", "Open Source", "Krea", "FLUX.1"]
                                                                      ^
     
     

Generated 20 documents in .contentlayer
 鉁?Compiled successfully
   Linting and checking validity of types ...

./app/global-error.tsx
22:17  Warning: Invalid Tailwind CSS classnames order  tailwindcss/classnames-order
23:16  Warning: Invalid Tailwind CSS classnames order  tailwindcss/classnames-order
28:15  Warning: Invalid Tailwind CSS classnames order  tailwindcss/classnames-order

./app/[locale]/(app)/app/loading.tsx
5:10  Warning: Classnames 'h-full, w-full' could be replaced by the 'size-full' shorthand!  tailwindcss/enforces-shorthand

./app/[locale]/(auth)/signin/page.tsx
28:22  Warning: Invalid Tailwind CSS classnames order  tailwindcss/classnames-order

./app/[locale]/(auth)/signin/signin-form.tsx
25:19  Warning: Classnames 'h-4, w-4' could be replaced by the 'size-4' shorthand!  tailwindcss/enforces-shorthand

./app/[locale]/(marketing)/d/[slug]/page.tsx
95:12  Warning: Invalid Tailwind CSS classnames order  tailwindcss/classnames-order
96:14  Warning: Invalid Tailwind CSS classnames order  tailwindcss/classnames-order
96:14  Warning: Classnames 'w-full, h-full' could be replaced by the 'size-full' shorthand!  tailwindcss/enforces-shorthand
97:11  Warning: Using `<img>` could result in slower LCP and higher bandwidth. Consider using `<Image />` from `next/image` to automatically optimize images. This may incur additional usage or cost from your provider. See: https://nextjs.org/docs/messages/no-img-element  @next/next/no-img-element
104:14  Warning: Invalid Tailwind CSS classnames order  tailwindcss/classnames-order
107:28  Warning: Invalid Tailwind CSS classnames order  tailwindcss/classnames-order
109:23  Warning: Invalid Tailwind CSS classnames order  tailwindcss/classnames-order
122:23  Warning: Invalid Tailwind CSS classnames order  tailwindcss/classnames-order
135:23  Warning: Invalid Tailwind CSS classnames order  tailwindcss/classnames-order
139:23  Warning: Invalid Tailwind CSS classnames order  tailwindcss/classnames-order
143:23  Warning: Invalid Tailwind CSS classnames order  tailwindcss/classnames-order
147:23  Warning: Invalid Tailwind CSS classnames order  tailwindcss/classnames-order

./app/[locale]/(marketing)/explore/page.tsx
57:9  Warning: Invalid Tailwind CSS classnames order  tailwindcss/classnames-order
80:17  Warning: Invalid Tailwind CSS classnames order  tailwindcss/classnames-order
85:23  Warning: Invalid Tailwind CSS classnames order  tailwindcss/classnames-order
85:23  Warning: Classnames 'w-full, h-full' could be replaced by the 'size-full' shorthand!  tailwindcss/enforces-shorthand
95:23  Warning: Using `<img>` could result in slower LCP and higher bandwidth. Consider using `<Image />` from `next/image` to automatically optimize images. This may incur additional usage or cost from your provider. See: https://nextjs.org/docs/messages/no-img-element  @next/next/no-img-element
110:25  Warning: Classnames '[&>svg]:h-7, [&>svg]:w-7' could be replaced by the '[&>svg]:size-7' shorthand!  tailwindcss/enforces-shorthand

./app/[locale]/(marketing)/explore/[page]/page.tsx
63:9  Warning: Invalid Tailwind CSS classnames order  tailwindcss/classnames-order
86:17  Warning: Invalid Tailwind CSS classnames order  tailwindcss/classnames-order
91:23  Warning: Invalid Tailwind CSS classnames order  tailwindcss/classnames-order
91:23  Warning: Classnames 'w-full, h-full' could be replaced by the 'size-full' shorthand!  tailwindcss/enforces-shorthand
101:23  Warning: Using `<img>` could result in slower LCP and higher bandwidth. Consider using `<Image />` from `next/image` to automatically optimize images. This may incur additional usage or cost from your provider. See: https://nextjs.org/docs/messages/no-img-element  @next/next/no-img-element
115:25  Warning: Classnames '[&>svg]:h-7, [&>svg]:w-7' could be replaced by the '[&>svg]:size-7' shorthand!  tailwindcss/enforces-shorthand

./app/[locale]/(marketing)/flux-ai/page.tsx
25:10  Warning: Invalid Tailwind CSS classnames order  tailwindcss/classnames-order
26:12  Warning: Invalid Tailwind CSS classnames order  tailwindcss/classnames-order
27:13  Warning: Invalid Tailwind CSS classnames order  tailwindcss/classnames-order
30:12  Warning: Invalid Tailwind CSS classnames order  tailwindcss/classnames-order
58:18  Warning: Invalid Tailwind CSS classnames order  tailwindcss/classnames-order
60:21  Warning: Invalid Tailwind CSS classnames order  tailwindcss/classnames-order
66:21  Warning: Invalid Tailwind CSS classnames order  tailwindcss/classnames-order
72:21  Warning: Invalid Tailwind CSS classnames order  tailwindcss/classnames-order
78:21  Warning: Invalid Tailwind CSS classnames order  tailwindcss/classnames-order
96:25  Warning: Invalid Tailwind CSS classnames order  tailwindcss/classnames-order
97:25  Warning: Invalid Tailwind CSS classnames order  tailwindcss/classnames-order
98:25  Warning: Invalid Tailwind CSS classnames order  tailwindcss/classnames-order
138:18  Warning: Invalid Tailwind CSS classnames order  tailwindcss/classnames-order
140:21  Warning: Invalid Tailwind CSS classnames order  tailwindcss/classnames-order
141:20  Warning: Invalid Tailwind CSS classnames order  tailwindcss/classnames-order
147:21  Warning: Invalid Tailwind CSS classnames order  tailwindcss/classnames-order
148:20  Warning: Invalid Tailwind CSS classnames order  tailwindcss/classnames-order
154:21  Warning: Invalid Tailwind CSS classnames order  tailwindcss/classnames-order
155:20  Warning: Invalid Tailwind CSS classnames order  tailwindcss/classnames-order
172:18  Warning: Invalid Tailwind CSS classnames order  tailwindcss/classnames-order
174:21  Warning: Invalid Tailwind CSS classnames order  tailwindcss/classnames-order
180:21  Warning: Invalid Tailwind CSS classnames order  tailwindcss/classnames-order
186:21  Warning: Invalid Tailwind CSS classnames order  tailwindcss/classnames-order
195:14  Warning: Invalid Tailwind CSS classnames order  tailwindcss/classnames-order
196:15  Warning: Invalid Tailwind CSS classnames order  tailwindcss/classnames-order
197:14  Warning: Invalid Tailwind CSS classnames order  tailwindcss/classnames-order

./app/[locale]/(marketing)/krea-alternative/page.tsx
26:10  Warning: Invalid Tailwind CSS classnames order  tailwindcss/classnames-order
27:12  Warning: Invalid Tailwind CSS classnames order  tailwindcss/classnames-order
28:13  Warning: Invalid Tailwind CSS classnames order  tailwindcss/classnames-order
31:12  Warning: Invalid Tailwind CSS classnames order  tailwindcss/classnames-order
34:14  Warning: Invalid Tailwind CSS classnames order  tailwindcss/classnames-order
35:18  Warning: Invalid Tailwind CSS classnames order  tailwindcss/classnames-order
36:18  Warning: Invalid Tailwind CSS classnames order  tailwindcss/classnames-order
37:18  Warning: Invalid Tailwind CSS classnames order  tailwindcss/classnames-order
53:18  Warning: Invalid Tailwind CSS classnames order  tailwindcss/classnames-order
55:21  Warning: Invalid Tailwind CSS classnames order  tailwindcss/classnames-order
61:21  Warning: Invalid Tailwind CSS classnames order  tailwindcss/classnames-order
70:14  Warning: Invalid Tailwind CSS classnames order  tailwindcss/classnames-order
71:15  Warning: Invalid Tailwind CSS classnames order  tailwindcss/classnames-order
72:14  Warning: Invalid Tailwind CSS classnames order  tailwindcss/classnames-order

./app/[locale]/admin/Header.tsx
71:1  Warning: Unexpected default export of anonymous function  import/no-anonymous-default-export
76:13  Warning: Classname 'flex-shrink-0' should be updated to 'shrink-0' in Tailwind CSS v3!  tailwindcss/migration-from-tailwind-2
83:15  Warning: Classnames 'h-full, w-full' could be replaced by the 'size-full' shorthand!  tailwindcss/enforces-shorthand
84:26  Warning: Classnames 'h-5, w-5' could be replaced by the 'size-5' shorthand!  tailwindcss/enforces-shorthand

./app/[locale]/admin/newsletters/_mods/card.tsx
58:14  Warning: Invalid Tailwind CSS classnames order  tailwindcss/classnames-order

./app/[locale]/admin/order/giftcode/_mods/update-dialog.tsx
58:6  Warning: React Hook React.useEffect has a missing dependency: 'formField.form'. Either include it or remove the dependency array.  react-hooks/exhaustive-deps

./app/[locale]/admin/order/product/_mods/create-dialog.tsx
58:6  Warning: React Hook React.useEffect has a missing dependency: 'formField.form'. Either include it or remove the dependency array.  react-hooks/exhaustive-deps

./app/[locale]/admin/order/product/_mods/update-dialog.tsx
61:6  Warning: React Hook React.useEffect has a missing dependency: 'formField.form'. Either include it or remove the dependency array.  react-hooks/exhaustive-deps

./app/[locale]/admin/Sidebar.tsx
108:24  Warning: Classnames 'h-5, w-5' could be replaced by the 'size-5' shorthand!  tailwindcss/enforces-shorthand
108:24  Warning: Classname 'flex-shrink-0' should be updated to 'shrink-0' in Tailwind CSS v3!  tailwindcss/migration-from-tailwind-2
118:15  Warning: Classnames 'h-6, w-6' could be replaced by the 'size-6' shorthand!  tailwindcss/enforces-shorthand
118:15  Warning: Classname 'transform' is not needed in Tailwind CSS v3!  tailwindcss/migration-from-tailwind-2
118:15  Warning: Classname 'flex-shrink-0' should be updated to 'shrink-0' in Tailwind CSS v3!  tailwindcss/migration-from-tailwind-2
162:22  Warning: Classname 'after:transform' is not needed in Tailwind CSS v3!  tailwindcss/migration-from-tailwind-2
170:24  Warning: Classnames 'h-1, w-1' could be replaced by the 'size-1' shorthand!  tailwindcss/enforces-shorthand
170:24  Warning: Classname 'transform' is not needed in Tailwind CSS v3!  tailwindcss/migration-from-tailwind-2
194:7  Warning: Classname 'flex-shrink-0' should be updated to 'shrink-0' in Tailwind CSS v3!  tailwindcss/migration-from-tailwind-2
197:12  Warning: Classname 'flex-shrink-0' should be updated to 'shrink-0' in Tailwind CSS v3!  tailwindcss/migration-from-tailwind-2
200:19  Warning: Classnames 'h-5, w-5' could be replaced by the 'size-5' shorthand!  tailwindcss/enforces-shorthand
200:19  Warning: Classname 'flex-shrink-0' should be updated to 'shrink-0' in Tailwind CSS v3!  tailwindcss/migration-from-tailwind-2
201:15  Warning: Using `<img>` could result in slower LCP and higher bandwidth. Consider using `<Image />` from `next/image` to automatically optimize images. This may incur additional usage or cost from your provider. See: https://nextjs.org/docs/messages/no-img-element  @next/next/no-img-element
206:17  Warning: Classnames 'h-5, w-5' could be replaced by the 'size-5' shorthand!  tailwindcss/enforces-shorthand
217:14  Warning: Classname 'flex-grow' should be updated to 'grow' in Tailwind CSS v3!  tailwindcss/migration-from-tailwind-2
223:15  Warning: Classname 'flex-shrink-0' should be updated to 'shrink-0' in Tailwind CSS v3!  tailwindcss/migration-from-tailwind-2
225:27  Warning: Classnames 'h-5, w-5' could be replaced by the 'size-5' shorthand!  tailwindcss/enforces-shorthand
225:27  Warning: Classname 'flex-shrink-0' should be updated to 'shrink-0' in Tailwind CSS v3!  tailwindcss/migration-from-tailwind-2
229:20  Warning: Classname 'flex-shrink-0' should be updated to 'shrink-0' in Tailwind CSS v3!  tailwindcss/migration-from-tailwind-2
245:16  Warning: Classname 'flex-shrink-0' should be updated to 'shrink-0' in Tailwind CSS v3!  tailwindcss/migration-from-tailwind-2
251:27  Warning: Classnames 'h-5, w-5' could be replaced by the 'size-5' shorthand!  tailwindcss/enforces-shorthand
258:12  Warning: Arbitrary value classname '-right-[5px]' should not start with a dash (-)  tailwindcss/enforces-negative-arbitrary-values

./app/[locale]/blocked/page.tsx
11:11  Warning: Classnames 'h-full, w-full' could be replaced by the 'size-full' shorthand!  tailwindcss/enforces-shorthand

./components/auth/user-button.tsx
40:11  Warning: Classnames 'h-9, w-9' could be replaced by the 'size-9' shorthand!  tailwindcss/enforces-shorthand
42:19  Warning: Classnames 'h-9, w-9' could be replaced by the 'size-9' shorthand!  tailwindcss/enforces-shorthand
61:19  Warning: Classnames 'h-4, w-4' could be replaced by the 'size-4' shorthand!  tailwindcss/enforces-shorthand

./components/billing-info.tsx
87:20  Warning: Classnames 'h-full, w-full' could be replaced by the 'size-full' shorthand!  tailwindcss/enforces-shorthand

./components/dashboard/points.tsx
24:19  Warning: Classnames 'h-4, w-4' could be replaced by the 'size-4' shorthand!  tailwindcss/enforces-shorthand

./components/dashboard/search-command.tsx
34:17  Warning: Classnames 'h-4, w-4' could be replaced by the 'size-4' shorthand!  tailwindcss/enforces-shorthand

./components/data-table/index.tsx
32:53  Warning: React Hook React.useMemo has a missing dependency: 'getColumns'. Either include it or remove the dependency array. If 'getColumns' changes too often, find the parent component that defines it and wrap that definition in useCallback.  react-hooks/exhaustive-deps

./components/forms/gift-code-form.tsx
127:33  Warning: Classnames 'h-4, w-4' could be replaced by the 'size-4' shorthand!  tailwindcss/enforces-shorthand

./components/forms/newsletter-form.tsx
79:18  Warning: Invalid Tailwind CSS classnames order  tailwindcss/classnames-order
87:25  Warning: Classnames 'h-5, w-5' could be replaced by the 'size-5' shorthand!  tailwindcss/enforces-shorthand
130:37  Warning: Classnames 'h-0, w-0' could be replaced by the 'size-0' shorthand!  tailwindcss/enforces-shorthand

./components/forms/shimmer-button.tsx
41:20  Warning: The arbitrary class 'active:translate-y-[1px]' could be replaced by 'active:translate-y-px'  tailwindcss/no-unnecessary-arbitrary-value
59:18  Warning: The arbitrary class 'inset-[-100%]' could be replaced by '-inset-full'  tailwindcss/no-unnecessary-arbitrary-value
66:22  Warning: Classnames 'h-full, w-full' could be replaced by the 'size-full' shorthand!  tailwindcss/enforces-shorthand

./components/history/index.tsx
87:6  Warning: React Hook useEffect has missing dependencies: 'pageParams.page', 'pageParams.pageSize', and 'useQueryMineFlux'. Either include them or remove the dependency array.  react-hooks/exhaustive-deps
131:20  Warning: Classnames 'h-full, w-full' could be replaced by the 'size-full' shorthand!  tailwindcss/enforces-shorthand
149:19  Warning: Invalid Tailwind CSS classnames order  tailwindcss/classnames-order
163:23  Warning: Using `<img>` could result in slower LCP and higher bandwidth. Consider using `<Image />` from `next/image` to automatically optimize images. This may incur additional usage or cost from your provider. See: https://nextjs.org/docs/messages/no-img-element  @next/next/no-img-element
176:27  Warning: Classnames '[&>svg]:h-7, [&>svg]:w-7' could be replaced by the '[&>svg]:size-7' shorthand!  tailwindcss/enforces-shorthand

./components/layout/locale-switcher.tsx
63:30  Warning: Classnames 'h-4, w-4' could be replaced by the 'size-4' shorthand!  tailwindcss/enforces-shorthand

./components/layout/navbar.tsx
31:19  Warning: Classnames 'h-6, w-6' could be replaced by the 'size-6' shorthand!  tailwindcss/enforces-shorthand
32:24  Warning: Invalid Tailwind CSS classnames order  tailwindcss/classnames-order

./components/layout/site-footer.tsx
51:23  Warning: Classnames 'h-6, w-6' could be replaced by the 'size-6' shorthand!  tailwindcss/enforces-shorthand

./components/links/RichLink.tsx
58:15  Warning: Classnames 'h-4, w-4' could be replaced by the 'size-4' shorthand!  tailwindcss/enforces-shorthand

./components/links/SocialLink.tsx
118:24  Warning: Classnames 'h-5, w-5' could be replaced by the 'size-5' shorthand!  tailwindcss/enforces-shorthand

./components/loading/index.tsx
3:1  Warning: Unexpected default export of anonymous function  import/no-anonymous-default-export
5:10  Warning: Classnames 'h-full, w-full' could be replaced by the 'size-full' shorthand!  tailwindcss/enforces-shorthand

./components/magicui/animated-gradient-text.tsx
20:9  Warning: Invalid Tailwind CSS classnames order  tailwindcss/classnames-order
20:9  Warning: Classnames 'h-full, w-full' could be replaced by the 'size-full' shorthand!  tailwindcss/enforces-shorthand
20:9  Warning: The arbitrary class 'p-[1px]' could be replaced by 'p-px'  tailwindcss/no-unnecessary-arbitrary-value

./components/magicui/number-ticker.tsx
48:18  Warning: Invalid Tailwind CSS classnames order  tailwindcss/classnames-order

./components/magicui/tweet-card.tsx
73:16  Warning: Classnames 'h-full, w-full' could be replaced by the 'size-full' shorthand!  tailwindcss/enforces-shorthand
73:16  Warning: The arbitrary class 'min-w-[18rem]' could be replaced by 'min-w-72'  tailwindcss/no-unnecessary-arbitrary-value
80:17  Warning: Classnames 'h-10, w-10' could be replaced by the 'size-10' shorthand!  tailwindcss/enforces-shorthand
95:16  Warning: Classnames 'h-full, w-full' could be replaced by the 'size-full' shorthand!  tailwindcss/enforces-shorthand
109:9  Warning: Using `<img>` could result in slower LCP and higher bandwidth. Consider using `<Image />` from `next/image` to automatically optimize images. This may incur additional usage or cost from your provider. See: https://nextjs.org/docs/messages/no-img-element  @next/next/no-img-element
128:25  Warning: Classnames 'h-4, w-4' could be replaced by the 'size-4' shorthand!  tailwindcss/enforces-shorthand
145:16  Warning: Classnames 'h-5, w-5' could be replaced by the 'size-5' shorthand!  tailwindcss/enforces-shorthand
201:11  Warning: Using `<img>` could result in slower LCP and higher bandwidth. Consider using `<Image />` from `next/image` to automatically optimize images. This may incur additional usage or cost from your provider. See: https://nextjs.org/docs/messages/no-img-element  @next/next/no-img-element
216:9  Warning: Using `<img>` could result in slower LCP and higher bandwidth. Consider using `<Image />` from `next/image` to automatically optimize images. This may incur additional usage or cost from your provider. See: https://nextjs.org/docs/messages/no-img-element  @next/next/no-img-element
216:9  Warning: img elements must have an alt prop, either with meaningful text, or an empty string for decorative images.  jsx-a11y/alt-text
238:18  Warning: Classnames 'h-full, w-full' could be replaced by the 'size-full' shorthand!  tailwindcss/enforces-shorthand
238:18  Warning: The arbitrary class 'max-w-[32rem]' could be replaced by 'max-w-lg'  tailwindcss/no-unnecessary-arbitrary-value

./components/order-info.tsx
107:22  Warning: Classnames 'h-full, w-full' could be replaced by the 'size-full' shorthand!  tailwindcss/enforces-shorthand

./components/playground/comforting.tsx
105:6  Warning: React Hook useEffect has a missing dependency: 'messages'. Either include it or remove the dependency array.  react-hooks/exhaustive-deps

./components/playground/flux-free.tsx
379:27  Warning: Using `<img>` could result in slower LCP and higher bandwidth. Consider using `<Image />` from `next/image` to automatically optimize images. This may incur additional usage or cost from your provider. See: https://nextjs.org/docs/messages/no-img-element  @next/next/no-img-element

./components/playground/index.tsx
297:31  Warning: Using `<img>` could result in slower LCP and higher bandwidth. Consider using `<Image />` from `next/image` to automatically optimize images. This may incur additional usage or cost from your provider. See: https://nextjs.org/docs/messages/no-img-element  @next/next/no-img-element

./components/playground/model-selector.tsx
92:36  Warning: Classnames 'h-4, w-4' could be replaced by the 'size-4' shorthand!  tailwindcss/enforces-shorthand
206:20  Warning: Classnames 'h-4, w-4' could be replaced by the 'size-4' shorthand!  tailwindcss/enforces-shorthand

./components/pricing-cards-wrapper.tsx
19:30  Warning: Invalid Tailwind CSS classnames order  tailwindcss/classnames-order

./components/pricing-cards.tsx
216:6  Warning: React Hook useEffect has a missing dependency: 'reward'. Either include it or remove the dependency array.  react-hooks/exhaustive-deps
223:14  Warning: Classnames 'px-2, py-2' could be replaced by the 'p-2' shorthand!  tailwindcss/enforces-shorthand
223:14  Warning: Classnames 'md:px-1, md:py-1' could be replaced by the 'md:p-1' shorthand!  tailwindcss/enforces-shorthand
286:9  Warning: The arbitrary class 'left-[50%]' could be replaced by 'left-1/2' or 'left-2/4'  tailwindcss/no-unnecessary-arbitrary-value
286:9  Warning: The arbitrary class 'translate-x-[-50%]' could be replaced by '-translate-x-1/2' or '-translate-x-2/4'  tailwindcss/no-unnecessary-arbitrary-value
309:6  Warning: React Hook useMemo has a missing dependency: 'chargeProduct'. Either include it or remove the dependency array.  react-hooks/exhaustive-deps

./components/pricing-redirect.tsx
13:13  Warning: Invalid Tailwind CSS classnames order  tailwindcss/classnames-order

./components/prompt/enhanced-generator.tsx
179:10  Warning: Invalid Tailwind CSS classnames order  tailwindcss/classnames-order
181:19  Warning: Invalid Tailwind CSS classnames order  tailwindcss/classnames-order
183:23  Warning: Invalid Tailwind CSS classnames order  tailwindcss/classnames-order
183:23  Warning: Classnames 'w-4, h-4' could be replaced by the 'size-4' shorthand!  tailwindcss/enforces-shorthand
187:23  Warning: Invalid Tailwind CSS classnames order  tailwindcss/classnames-order
187:23  Warning: Classnames 'w-4, h-4' could be replaced by the 'size-4' shorthand!  tailwindcss/enforces-shorthand
191:24  Warning: Invalid Tailwind CSS classnames order  tailwindcss/classnames-order
191:24  Warning: Classnames 'w-4, h-4' could be replaced by the 'size-4' shorthand!  tailwindcss/enforces-shorthand
201:22  Warning: Invalid Tailwind CSS classnames order  tailwindcss/classnames-order
201:22  Warning: Classnames 'w-5, h-5' could be replaced by the 'size-5' shorthand!  tailwindcss/enforces-shorthand
211:21  Warning: Invalid Tailwind CSS classnames order  tailwindcss/classnames-order
267:27  Warning: Invalid Tailwind CSS classnames order  tailwindcss/classnames-order
300:20  Warning: Invalid Tailwind CSS classnames order  tailwindcss/classnames-order
302:23  Warning: Invalid Tailwind CSS classnames order  tailwindcss/classnames-order
303:23  Warning: Invalid Tailwind CSS classnames order  tailwindcss/classnames-order
311:23  Warning: Invalid Tailwind CSS classnames order  tailwindcss/classnames-order
312:23  Warning: Invalid Tailwind CSS classnames order  tailwindcss/classnames-order
328:20  Warning: Invalid Tailwind CSS classnames order  tailwindcss/classnames-order
330:23  Warning: Invalid Tailwind CSS classnames order  tailwindcss/classnames-order
334:27  Warning: Invalid Tailwind CSS classnames order  tailwindcss/classnames-order
340:23  Warning: Invalid Tailwind CSS classnames order  tailwindcss/classnames-order
341:23  Warning: Invalid Tailwind CSS classnames order  tailwindcss/classnames-order
358:28  Warning: Invalid Tailwind CSS classnames order  tailwindcss/classnames-order
359:34  Warning: Invalid Tailwind CSS classnames order  tailwindcss/classnames-order
359:34  Warning: Classnames 'w-5, h-5' could be replaced by the 'size-5' shorthand!  tailwindcss/enforces-shorthand
366:44  Warning: Invalid Tailwind CSS classnames order  tailwindcss/classnames-order
367:26  Warning: Invalid Tailwind CSS classnames order  tailwindcss/classnames-order
370:28  Warning: Invalid Tailwind CSS classnames order  tailwindcss/classnames-order
394:12  Warning: Invalid Tailwind CSS classnames order  tailwindcss/classnames-order
395:13  Warning: Invalid Tailwind CSS classnames order  tailwindcss/classnames-order
396:12  Warning: Invalid Tailwind CSS classnames order  tailwindcss/classnames-order
402:12  Warning: Invalid Tailwind CSS classnames order  tailwindcss/classnames-order

./components/prompt/generator.tsx
144:23  Warning: Invalid Tailwind CSS classnames order  tailwindcss/classnames-order
146:26  Warning: Invalid Tailwind CSS classnames order  tailwindcss/classnames-order

./components/sections/examples.tsx
13:12  Warning: Invalid Tailwind CSS classnames order  tailwindcss/classnames-order

./components/sections/preview-landing.tsx
31:23  Warning: Invalid Tailwind CSS classnames order  tailwindcss/classnames-order
40:23  Warning: Classnames '[&>svg]:h-7, [&>svg]:w-7' could be replaced by the '[&>svg]:size-7' shorthand!  tailwindcss/enforces-shorthand

./components/sections/pricing-card.tsx
20:14  Warning: Invalid Tailwind CSS classnames order  tailwindcss/classnames-order
21:15  Warning: Invalid Tailwind CSS classnames order  tailwindcss/classnames-order
42:17  Warning: Invalid Tailwind CSS classnames order  tailwindcss/classnames-order
44:30  Warning: Classnames 'h-4, w-4' could be replaced by the 'size-4' shorthand!  tailwindcss/enforces-shorthand
48:30  Warning: Classnames 'h-4, w-4' could be replaced by the 'size-4' shorthand!  tailwindcss/enforces-shorthand
52:30  Warning: Classnames 'h-4, w-4' could be replaced by the 'size-4' shorthand!  tailwindcss/enforces-shorthand
56:30  Warning: Classnames 'h-4, w-4' could be replaced by the 'size-4' shorthand!  tailwindcss/enforces-shorthand
60:30  Warning: Classnames 'h-4, w-4' could be replaced by the 'size-4' shorthand!  tailwindcss/enforces-shorthand
64:30  Warning: Classnames 'h-4, w-4' could be replaced by the 'size-4' shorthand!  tailwindcss/enforces-shorthand
76:33  Warning: Classnames 'h-4, w-4' could be replaced by the 'size-4' shorthand!  tailwindcss/enforces-shorthand
80:16  Warning: Invalid Tailwind CSS classnames order  tailwindcss/classnames-order

./components/sections/promotion/promotion-banner.tsx
77:18  Warning: Classnames 'h-4, w-4' could be replaced by the 'size-4' shorthand!  tailwindcss/enforces-shorthand

./components/sections/schnell-intro.tsx
16:13  Warning: Using `<img>` could result in slower LCP and higher bandwidth. Consider using `<Image />` from `next/image` to automatically optimize images. This may incur additional usage or cost from your provider. See: https://nextjs.org/docs/messages/no-img-element  @next/next/no-img-element
19:15  Warning: Classnames 'h-full, w-full' could be replaced by the 'size-full' shorthand!  tailwindcss/enforces-shorthand

./components/StatisticsCard.tsx
22:7  Warning: Classnames 'h-4, w-4' could be replaced by the 'size-4' shorthand!  tailwindcss/enforces-shorthand

./components/ui/accordion.tsx
37:20  Warning: Classnames 'h-4, w-4' could be replaced by the 'size-4' shorthand!  tailwindcss/enforces-shorthand

./components/ui/alert-dialog.tsx
20:16  Warning: Invalid Tailwind CSS classnames order  tailwindcss/classnames-order
38:18  Warning: Invalid Tailwind CSS classnames order  tailwindcss/classnames-order
38:18  Warning: The arbitrary class 'left-[50%]' could be replaced by 'left-1/2' or 'left-2/4'  tailwindcss/no-unnecessary-arbitrary-value
38:18  Warning: The arbitrary class 'top-[50%]' could be replaced by 'top-1/2' or 'top-2/4'  tailwindcss/no-unnecessary-arbitrary-value
38:18  Warning: The arbitrary class 'translate-x-[-50%]' could be replaced by '-translate-x-1/2' or '-translate-x-2/4'  tailwindcss/no-unnecessary-arbitrary-value
38:18  Warning: The arbitrary class 'translate-y-[-50%]' could be replaced by '-translate-y-1/2' or '-translate-y-2/4'  tailwindcss/no-unnecessary-arbitrary-value

./components/ui/avatar.tsx
14:16  Warning: Classnames 'h-10, w-10' could be replaced by the 'size-10' shorthand!  tailwindcss/enforces-shorthand
29:16  Warning: Classnames 'h-full, w-full' could be replaced by the 'size-full' shorthand!  tailwindcss/enforces-shorthand
41:16  Warning: Classnames 'h-full, w-full' could be replaced by the 'size-full' shorthand!  tailwindcss/enforces-shorthand

./components/ui/breadcrumb.tsx
98:16  Warning: Classnames 'h-9, w-9' could be replaced by the 'size-9' shorthand!  tailwindcss/enforces-shorthand
101:21  Warning: Classnames 'h-4, w-4' could be replaced by the 'size-4' shorthand!  tailwindcss/enforces-shorthand

./components/ui/calendar.tsx
28:21  Warning: Classnames 'h-7, w-7' could be replaced by the 'size-7' shorthand!  tailwindcss/enforces-shorthand
40:14  Warning: Classnames 'h-9, w-9' could be replaced by the 'size-9' shorthand!  tailwindcss/enforces-shorthand
57:50  Warning: Classnames 'h-4, w-4' could be replaced by the 'size-4' shorthand!  tailwindcss/enforces-shorthand
58:52  Warning: Classnames 'h-4, w-4' could be replaced by the 'size-4' shorthand!  tailwindcss/enforces-shorthand

./components/ui/chart.tsx
181:20  Warning: The arbitrary class 'min-w-[8rem]' could be replaced by 'min-w-32'  tailwindcss/no-unnecessary-arbitrary-value
196:28  Warning: Classnames '[&>svg]:h-2.5, [&>svg]:w-2.5' could be replaced by the '[&>svg]:size-2.5' shorthand!  tailwindcss/enforces-shorthand
295:26  Warning: Classnames '[&>svg]:h-3, [&>svg]:w-3' could be replaced by the '[&>svg]:size-3' shorthand!  tailwindcss/enforces-shorthand
303:19  Warning: Classnames 'h-2, w-2' could be replaced by the 'size-2' shorthand!  tailwindcss/enforces-shorthand

./components/ui/checkbox.tsx
15:16  Warning: Classnames 'h-4, w-4' could be replaced by the 'size-4' shorthand!  tailwindcss/enforces-shorthand
24:14  Warning: Classnames 'h-4, w-4' could be replaced by the 'size-4' shorthand!  tailwindcss/enforces-shorthand

./components/ui/command.tsx
17:16  Warning: Classnames 'h-full, w-full' could be replaced by the 'size-full' shorthand!  tailwindcss/enforces-shorthand
32:18  Warning: Classnames '[&_[cmdk-input-wrapper]_svg]:h-5, [&_[cmdk-input-wrapper]_svg]:w-5' could be replaced by the '[&_[cmdk-input-wrapper]_svg]:size-5' shorthand!  tailwindcss/enforces-shorthand
32:18  Warning: Classnames '[&_[cmdk-item]_svg]:h-5, [&_[cmdk-item]_svg]:w-5' could be replaced by the '[&_[cmdk-item]_svg]:size-5' shorthand!  tailwindcss/enforces-shorthand
45:13  Warning: Classnames 'h-4, w-4' could be replaced by the 'size-4' shorthand!  tailwindcss/enforces-shorthand

./components/ui/context-menu.tsx
37:19  Warning: Classnames 'h-4, w-4' could be replaced by the 'size-4' shorthand!  tailwindcss/enforces-shorthand
48:16  Warning: Invalid Tailwind CSS classnames order  tailwindcss/classnames-order
48:16  Warning: The arbitrary class 'min-w-[8rem]' could be replaced by 'min-w-32'  tailwindcss/no-unnecessary-arbitrary-value
64:18  Warning: Invalid Tailwind CSS classnames order  tailwindcss/classnames-order
64:18  Warning: The arbitrary class 'min-w-[8rem]' could be replaced by 'min-w-32'  tailwindcss/no-unnecessary-arbitrary-value
105:11  Warning: Classnames 'h-3.5, w-3.5' could be replaced by the 'size-3.5' shorthand!  tailwindcss/enforces-shorthand
107:16  Warning: Classnames 'h-4, w-4' could be replaced by the 'size-4' shorthand!  tailwindcss/enforces-shorthand
128:11  Warning: Classnames 'h-3.5, w-3.5' could be replaced by the 'size-3.5' shorthand!  tailwindcss/enforces-shorthand
130:17  Warning: Classnames 'h-2, w-2' could be replaced by the 'size-2' shorthand!  tailwindcss/enforces-shorthand

./components/ui/dialog.tsx
23:16  Warning: Invalid Tailwind CSS classnames order  tailwindcss/classnames-order
40:18  Warning: Invalid Tailwind CSS classnames order  tailwindcss/classnames-order
40:18  Warning: The arbitrary class 'left-[50%]' could be replaced by 'left-1/2' or 'left-2/4'  tailwindcss/no-unnecessary-arbitrary-value
40:18  Warning: The arbitrary class 'top-[50%]' could be replaced by 'top-1/2' or 'top-2/4'  tailwindcss/no-unnecessary-arbitrary-value
40:18  Warning: The arbitrary class 'translate-x-[-50%]' could be replaced by '-translate-x-1/2' or '-translate-x-2/4'  tailwindcss/no-unnecessary-arbitrary-value
40:18  Warning: The arbitrary class 'translate-y-[-50%]' could be replaced by '-translate-y-1/2' or '-translate-y-2/4'  tailwindcss/no-unnecessary-arbitrary-value
48:12  Warning: Classnames 'h-4, w-4' could be replaced by the 'size-4' shorthand!  tailwindcss/enforces-shorthand

./components/ui/dropdown-menu.tsx
37:19  Warning: Classnames 'h-4, w-4' could be replaced by the 'size-4' shorthand!  tailwindcss/enforces-shorthand
49:16  Warning: Invalid Tailwind CSS classnames order  tailwindcss/classnames-order
49:16  Warning: The arbitrary class 'min-w-[8rem]' could be replaced by 'min-w-32'  tailwindcss/no-unnecessary-arbitrary-value
67:18  Warning: Invalid Tailwind CSS classnames order  tailwindcss/classnames-order
67:18  Warning: The arbitrary class 'min-w-[8rem]' could be replaced by 'min-w-32'  tailwindcss/no-unnecessary-arbitrary-value
108:11  Warning: Classnames 'h-3.5, w-3.5' could be replaced by the 'size-3.5' shorthand!  tailwindcss/enforces-shorthand
110:16  Warning: Classnames 'h-4, w-4' could be replaced by the 'size-4' shorthand!  tailwindcss/enforces-shorthand
131:11  Warning: Classnames 'h-3.5, w-3.5' could be replaced by the 'size-3.5' shorthand!  tailwindcss/enforces-shorthand
133:17  Warning: Classnames 'h-2, w-2' could be replaced by the 'size-2' shorthand!  tailwindcss/enforces-shorthand

./components/ui/hover-card.tsx
20:16  Warning: Invalid Tailwind CSS classnames order  tailwindcss/classnames-order

./components/ui/input-otp.tsx
43:18  Warning: Classnames 'h-10, w-10' could be replaced by the 'size-10' shorthand!  tailwindcss/enforces-shorthand
43:18  Warning: Classnames '' could be replaced by the 'border-y' shorthand!  tailwindcss/enforces-shorthand
53:16  Warning: Invalid Tailwind CSS classnames order  tailwindcss/classnames-order

./components/ui/menubar.tsx
65:19  Warning: Classnames 'h-4, w-4' could be replaced by the 'size-4' shorthand!  tailwindcss/enforces-shorthand
76:16  Warning: Invalid Tailwind CSS classnames order  tailwindcss/classnames-order
76:16  Warning: The arbitrary class 'min-w-[8rem]' could be replaced by 'min-w-32'  tailwindcss/no-unnecessary-arbitrary-value
99:20  Warning: Invalid Tailwind CSS classnames order  tailwindcss/classnames-order
99:20  Warning: The arbitrary class 'min-w-[12rem]' could be replaced by 'min-w-48'  tailwindcss/no-unnecessary-arbitrary-value
141:11  Warning: Classnames 'h-3.5, w-3.5' could be replaced by the 'size-3.5' shorthand!  tailwindcss/enforces-shorthand
143:16  Warning: Classnames 'h-4, w-4' could be replaced by the 'size-4' shorthand!  tailwindcss/enforces-shorthand
163:11  Warning: Classnames 'h-3.5, w-3.5' could be replaced by the 'size-3.5' shorthand!  tailwindcss/enforces-shorthand
165:17  Warning: Classnames 'h-2, w-2' could be replaced by the 'size-2' shorthand!  tailwindcss/enforces-shorthand

./components/ui/navigation-menu.tsx
58:7  Warning: Classnames 'h-3, w-3' could be replaced by the 'size-3' shorthand!  tailwindcss/enforces-shorthand
58:7  Warning: The arbitrary class 'top-[1px]' could be replaced by 'top-px'  tailwindcss/no-unnecessary-arbitrary-value
71:16  Warning: Invalid Tailwind CSS classnames order  tailwindcss/classnames-order
88:18  Warning: Invalid Tailwind CSS classnames order  tailwindcss/classnames-order
106:16  Warning: Invalid Tailwind CSS classnames order  tailwindcss/classnames-order
112:10  Warning: Classnames 'h-2, w-2' could be replaced by the 'size-2' shorthand!  tailwindcss/enforces-shorthand

./components/ui/pagination.tsx
71:18  Warning: Classnames 'h-4, w-4' could be replaced by the 'size-4' shorthand!  tailwindcss/enforces-shorthand
88:19  Warning: Classnames 'h-4, w-4' could be replaced by the 'size-4' shorthand!  tailwindcss/enforces-shorthand
99:16  Warning: Classnames 'h-9, w-9' could be replaced by the 'size-9' shorthand!  tailwindcss/enforces-shorthand
102:21  Warning: Classnames 'h-4, w-4' could be replaced by the 'size-4' shorthand!  tailwindcss/enforces-shorthand

./components/ui/popover.tsx
21:18  Warning: Invalid Tailwind CSS classnames order  tailwindcss/classnames-order

./components/ui/progress.tsx
21:7  Warning: Classnames 'h-full, w-full' could be replaced by the 'size-full' shorthand!  tailwindcss/enforces-shorthand

./components/ui/radio-group.tsx
30:18  Warning: Classnames 'h-4, w-4' could be replaced by the 'size-4' shorthand!  tailwindcss/enforces-shorthand
37:17  Warning: Classnames 'h-2.5, w-2.5' could be replaced by the 'size-2.5' shorthand!  tailwindcss/enforces-shorthand

./components/ui/resizable.tsx
13:16  Warning: Classnames 'h-full, w-full' could be replaced by the 'size-full' shorthand!  tailwindcss/enforces-shorthand
39:23  Warning: Classnames 'h-2.5, w-2.5' could be replaced by the 'size-2.5' shorthand!  tailwindcss/enforces-shorthand

./components/ui/scroll-area.tsx
17:35  Warning: Classnames 'h-full, w-full' could be replaced by the 'size-full' shorthand!  tailwindcss/enforces-shorthand
33:16  Warning: The arbitrary class 'p-[1px]' could be replaced by 'p-px'  tailwindcss/no-unnecessary-arbitrary-value
33:16  Warning: The arbitrary class 'p-[1px]' could be replaced by 'p-px'  tailwindcss/no-unnecessary-arbitrary-value

./components/ui/select.tsx
29:20  Warning: Classnames 'h-4, w-4' could be replaced by the 'size-4' shorthand!  tailwindcss/enforces-shorthand
47:16  Warning: Classnames 'h-4, w-4' could be replaced by the 'size-4' shorthand!  tailwindcss/enforces-shorthand
64:18  Warning: Classnames 'h-4, w-4' could be replaced by the 'size-4' shorthand!  tailwindcss/enforces-shorthand
77:18  Warning: Invalid Tailwind CSS classnames order  tailwindcss/classnames-order
77:18  Warning: The arbitrary class 'min-w-[8rem]' could be replaced by 'min-w-32'  tailwindcss/no-unnecessary-arbitrary-value
126:11  Warning: Classnames 'h-3.5, w-3.5' could be replaced by the 'size-3.5' shorthand!  tailwindcss/enforces-shorthand
128:16  Warning: Classnames 'h-4, w-4' could be replaced by the 'size-4' shorthand!  tailwindcss/enforces-shorthand

./components/ui/separator.tsx
20:18  Warning: The arbitrary class 'h-[1px]' could be replaced by 'h-px'  tailwindcss/no-unnecessary-arbitrary-value
20:18  Warning: The arbitrary class 'w-[1px]' could be replaced by 'w-px'  tailwindcss/no-unnecessary-arbitrary-value

./components/ui/sheet.tsx
23:16  Warning: Invalid Tailwind CSS classnames order  tailwindcss/classnames-order
68:29  Warning: Invalid Tailwind CSS classnames order  tailwindcss/classnames-order
69:12  Warning: Classnames 'h-4, w-4' could be replaced by the 'size-4' shorthand!  tailwindcss/enforces-shorthand

./components/ui/slider.tsx
23:28  Warning: Classnames 'h-5, w-5' could be replaced by the 'size-5' shorthand!  tailwindcss/enforces-shorthand

./components/ui/switch.tsx
21:18  Warning: Classnames 'h-5, w-5' could be replaced by the 'size-5' shorthand!  tailwindcss/enforces-shorthand

./components/ui/toast.tsx
86:8  Warning: Classnames 'h-4, w-4' could be replaced by the 'size-4' shorthand!  tailwindcss/enforces-shorthand

./components/ui/tooltip.tsx
21:16  Warning: Invalid Tailwind CSS classnames order  tailwindcss/classnames-order

./components/upload/base-upload.tsx
75:25  Warning: Classnames 'h-5, w-5' could be replaced by the 'size-5' shorthand!  tailwindcss/enforces-shorthand
84:18  Warning: Classnames 'h-4, w-4' could be replaced by the 'size-4' shorthand!  tailwindcss/enforces-shorthand
113:19  Warning: Classnames 'h-10, w-10' could be replaced by the 'size-10' shorthand!  tailwindcss/enforces-shorthand

./components/upload/index.tsx
164:17  Warning: Invalid Tailwind CSS classnames order  tailwindcss/classnames-order
164:17  Warning: Classnames 'h-full, w-full' could be replaced by the 'size-full' shorthand!  tailwindcss/enforces-shorthand
175:19  Warning: Using `<img>` could result in slower LCP and higher bandwidth. Consider using `<Image />` from `next/image` to automatically optimize images. This may incur additional usage or cost from your provider. See: https://nextjs.org/docs/messages/no-img-element  @next/next/no-img-element
175:19  Warning: img elements must have an alt prop, either with meaningful text, or an empty string for decorative images.  jsx-a11y/alt-text
192:26  Warning: Classnames 'h-full, w-full' could be replaced by the 'size-full' shorthand!  tailwindcss/enforces-shorthand
197:15  Warning: Using `<img>` could result in slower LCP and higher bandwidth. Consider using `<Image />` from `next/image` to automatically optimize images. This may incur additional usage or cost from your provider. See: https://nextjs.org/docs/messages/no-img-element  @next/next/no-img-element
197:15  Warning: img elements must have an alt prop, either with meaningful text, or an empty string for decorative images.  jsx-a11y/alt-text
197:37  Warning: Classnames 'h-full, w-full' could be replaced by the 'size-full' shorthand!  tailwindcss/enforces-shorthand

./components/upload/remove-action.tsx
5:7  Warning: Classnames 'h-4, w-4' could be replaced by the 'size-4' shorthand!  tailwindcss/enforces-shorthand
15:9  Warning: Classnames 'h-full, w-full' could be replaced by the 'size-full' shorthand!  tailwindcss/enforces-shorthand

info  - Need to disable some ESLint rules? Learn more here: https://nextjs.org/docs/basic-features/eslint#disabling-rules
   Collecting page data ...
 鈿?Using edge runtime on a page currently disables static generation for that page
   Generating static pages (0/482) ...
 鈿?metadataBase property in metadata export is not set for resolving social open graph or twitter images, using "http://local
host:3000". See https://nextjs.org/docs/app/api-reference/functions/generate-metadata#metadatabase

The `locale` parameter in `getRequestConfig` is deprecated, please switch to `await requestLocale`. See https://next-intl.dev
/blog/next-intl-3-22#await-request-locale

 鈿?metadataBase property in metadata export is not set for resolving social open graph or twitter images, using "http://local
host:3000". See https://nextjs.org/docs/app/api-reference/functions/generate-metadata#metadatabase

The `locale` parameter in `getRequestConfig` is deprecated, please switch to `await requestLocale`. See https://next-intl.dev
/blog/next-intl-3-22#await-request-locale

 鈿?metadataBase property in metadata export is not set for resolving social open graph or twitter images, using "http://local
host:3000". See https://nextjs.org/docs/app/api-reference/functions/generate-metadata#metadatabase

The `locale` parameter in `getRequestConfig` is deprecated, please switch to `await requestLocale`. See https://next-intl.dev
/blog/next-intl-3-22#await-request-locale

 鈿?metadataBase property in metadata export is not set for resolving social open graph or twitter images, using "http://local
host:3000". See https://nextjs.org/docs/app/api-reference/functions/generate-metadata#metadatabase

The `locale` parameter in `getRequestConfig` is deprecated, please switch to `await requestLocale`. See https://next-intl.dev
/blog/next-intl-3-22#await-request-locale

 鈿?metadataBase property in metadata export is not set for resolving social open graph or twitter images, using "http://local
host:3000". See https://nextjs.org/docs/app/api-reference/functions/generate-metadata#metadatabase

The `locale` parameter in `getRequestConfig` is deprecated, please switch to `await requestLocale`. See https://next-intl.dev
/blog/next-intl-3-22#await-request-locale

 鈿?metadataBase property in metadata export is not set for resolving social open graph or twitter images, using "http://local
host:3000". See https://nextjs.org/docs/app/api-reference/functions/generate-metadata#metadatabase

The `locale` parameter in `getRequestConfig` is deprecated, please switch to `await requestLocale`. See https://next-intl.dev
/blog/next-intl-3-22#await-request-locale

 鈿?metadataBase property in metadata export is not set for resolving social open graph or twitter images, using "http://local
host:3000". See https://nextjs.org/docs/app/api-reference/functions/generate-metadata#metadatabase

The `locale` parameter in `getRequestConfig` is deprecated, please switch to `await requestLocale`. See https://next-intl.dev
/blog/next-intl-3-22#await-request-locale

 鈿?metadataBase property in metadata export is not set for resolving social open graph or twitter images, using "http://local
host:3000". See https://nextjs.org/docs/app/api-reference/functions/generate-metadata#metadatabase

The `locale` parameter in `getRequestConfig` is deprecated, please switch to `await requestLocale`. See https://next-intl.dev
/blog/next-intl-3-22#await-request-locale

 鈿?metadataBase property in metadata export is not set for resolving social open graph or twitter images, using "http://local
host:3000". See https://nextjs.org/docs/app/api-reference/functions/generate-metadata#metadatabase

The `locale` parameter in `getRequestConfig` is deprecated, please switch to `await requestLocale`. See https://next-intl.dev
/blog/next-intl-3-22#await-request-locale

 鈿?metadataBase property in metadata export is not set for resolving social open graph or twitter images, using "http://local
host:3000". See https://nextjs.org/docs/app/api-reference/functions/generate-metadata#metadatabase

The `locale` parameter in `getRequestConfig` is deprecated, please switch to `await requestLocale`. See https://next-intl.dev
/blog/next-intl-3-22#await-request-locale

 鈿?metadataBase property in metadata export is not set for resolving social open graph or twitter images, using "http://local
host:3000". See https://nextjs.org/docs/app/api-reference/functions/generate-metadata#metadatabase

The `locale` parameter in `getRequestConfig` is deprecated, please switch to `await requestLocale`. See https://next-intl.dev
/blog/next-intl-3-22#await-request-locale

 鈿?metadataBase property in metadata export is not set for resolving social open graph or twitter images, using "http://local
host:3000". See https://nextjs.org/docs/app/api-reference/functions/generate-metadata#metadatabase

The `locale` parameter in `getRequestConfig` is deprecated, please switch to `await requestLocale`. See https://next-intl.dev
/blog/next-intl-3-22#await-request-locale

 鈿?metadataBase property in metadata export is not set for resolving social open graph or twitter images, using "http://local
host:3000". See https://nextjs.org/docs/app/api-reference/functions/generate-metadata#metadatabase

The `locale` parameter in `getRequestConfig` is deprecated, please switch to `await requestLocale`. See https://next-intl.dev
/blog/next-intl-3-22#await-request-locale

 鈿?metadataBase property in metadata export is not set for resolving social open graph or twitter images, using "http://local
host:3000". See https://nextjs.org/docs/app/api-reference/functions/generate-metadata#metadatabase

The `locale` parameter in `getRequestConfig` is deprecated, please switch to `await requestLocale`. See https://next-intl.dev
/blog/next-intl-3-22#await-request-locale

 鈿?metadataBase property in metadata export is not set for resolving social open graph or twitter images, using "http://local
host:3000". See https://nextjs.org/docs/app/api-reference/functions/generate-metadata#metadatabase

The `locale` parameter in `getRequestConfig` is deprecated, please switch to `await requestLocale`. See https://next-intl.dev
/blog/next-intl-3-22#await-request-locale

 鈿?metadataBase property in metadata export is not set for resolving social open graph or twitter images, using "http://local
host:3000". See https://nextjs.org/docs/app/api-reference/functions/generate-metadata#metadatabase

The `locale` parameter in `getRequestConfig` is deprecated, please switch to `await requestLocale`. See https://next-intl.dev
/blog/next-intl-3-22#await-request-locale

 鈿?metadataBase property in metadata export is not set for resolving social open graph or twitter images, using "http://local
host:3000". See https://nextjs.org/docs/app/api-reference/functions/generate-metadata#metadatabase

The `locale` parameter in `getRequestConfig` is deprecated, please switch to `await requestLocale`. See https://next-intl.dev
/blog/next-intl-3-22#await-request-locale

 鈿?metadataBase property in metadata export is not set for resolving social open graph or twitter images, using "http://local
host:3000". See https://nextjs.org/docs/app/api-reference/functions/generate-metadata#metadatabase

The `locale` parameter in `getRequestConfig` is deprecated, please switch to `await requestLocale`. See https://next-intl.dev
/blog/next-intl-3-22#await-request-locale

 鈿?metadataBase property in metadata export is not set for resolving social open graph or twitter images, using "http://local
host:3000". See https://nextjs.org/docs/app/api-reference/functions/generate-metadata#metadatabase

The `locale` parameter in `getRequestConfig` is deprecated, please switch to `await requestLocale`. See https://next-intl.dev
/blog/next-intl-3-22#await-request-locale

 鈿?metadataBase property in metadata export is not set for resolving social open graph or twitter images, using "http://local
host:3000". See https://nextjs.org/docs/app/api-reference/functions/generate-metadata#metadatabase

The `locale` parameter in `getRequestConfig` is deprecated, please switch to `await requestLocale`. See https://next-intl.dev
/blog/next-intl-3-22#await-request-locale

 鈿?metadataBase property in metadata export is not set for resolving social open graph or twitter images, using "http://local
host:3000". See https://nextjs.org/docs/app/api-reference/functions/generate-metadata#metadatabase

The `locale` parameter in `getRequestConfig` is deprecated, please switch to `await requestLocale`. See https://next-intl.dev
/blog/next-intl-3-22#await-request-locale

 鈿?metadataBase property in metadata export is not set for resolving social open graph or twitter images, using "http://local
host:3000". See https://nextjs.org/docs/app/api-reference/functions/generate-metadata#metadatabase

The `locale` parameter in `getRequestConfig` is deprecated, please switch to `await requestLocale`. See https://next-intl.dev
/blog/next-intl-3-22#await-request-locale

 鈿?metadataBase property in metadata export is not set for resolving social open graph or twitter images, using "http://local
host:3000". See https://nextjs.org/docs/app/api-reference/functions/generate-metadata#metadatabase

The `locale` parameter in `getRequestConfig` is deprecated, please switch to `await requestLocale`. See https://next-intl.dev
/blog/next-intl-3-22#await-request-locale

 鈿?metadataBase property in metadata export is not set for resolving social open graph or twitter images, using "http://local
host:3000". See https://nextjs.org/docs/app/api-reference/functions/generate-metadata#metadatabase

The `locale` parameter in `getRequestConfig` is deprecated, please switch to `await requestLocale`. See https://next-intl.dev
/blog/next-intl-3-22#await-request-locale

 鈿?metadataBase property in metadata export is not set for resolving social open graph or twitter images, using "http://local
host:3000". See https://nextjs.org/docs/app/api-reference/functions/generate-metadata#metadatabase

The `locale` parameter in `getRequestConfig` is deprecated, please switch to `await requestLocale`. See https://next-intl.dev
/blog/next-intl-3-22#await-request-locale

 鈿?metadataBase property in metadata export is not set for resolving social open graph or twitter images, using "http://local
host:3000". See https://nextjs.org/docs/app/api-reference/functions/generate-metadata#metadatabase

The `locale` parameter in `getRequestConfig` is deprecated, please switch to `await requestLocale`. See https://next-intl.dev
/blog/next-intl-3-22#await-request-locale


The `locale` parameter in `getRequestConfig` is deprecated, please switch to `await requestLocale`. See https://next-intl.dev
/blog/next-intl-3-22#await-request-locale

 鈿?metadataBase property in metadata export is not set for resolving social open graph or twitter images, using "http://local
host:3000". See https://nextjs.org/docs/app/api-reference/functions/generate-metadata#metadatabase

The `locale` parameter in `getRequestConfig` is deprecated, please switch to `await requestLocale`. See https://next-intl.dev
/blog/next-intl-3-22#await-request-locale

 鈿?metadataBase property in metadata export is not set for resolving social open graph or twitter images, using "http://local
host:3000". See https://nextjs.org/docs/app/api-reference/functions/generate-metadata#metadatabase

The `locale` parameter in `getRequestConfig` is deprecated, please switch to `await requestLocale`. See https://next-intl.dev
/blog/next-intl-3-22#await-request-locale

 鈿?metadataBase property in metadata export is not set for resolving social open graph or twitter images, using "http://local
host:3000". See https://nextjs.org/docs/app/api-reference/functions/generate-metadata#metadatabase

The `locale` parameter in `getRequestConfig` is deprecated, please switch to `await requestLocale`. See https://next-intl.dev
/blog/next-intl-3-22#await-request-locale


The `locale` parameter in `getRequestConfig` is deprecated, please switch to `await requestLocale`. See https://next-intl.dev
/blog/next-intl-3-22#await-request-locale

 鈿?metadataBase property in metadata export is not set for resolving social open graph or twitter images, using "http://local
host:3000". See https://nextjs.org/docs/app/api-reference/functions/generate-metadata#metadatabase
 鈿?metadataBase property in metadata export is not set for resolving social open graph or twitter images, using "http://local
host:3000". See https://nextjs.org/docs/app/api-reference/functions/generate-metadata#metadatabase
   Generating static pages (120/482) 
   Generating static pages (240/482) 
   Generating static pages (361/482) 
 鉁?Generating static pages (482/482)
   Finalizing page optimization ...
   Collecting build traces ...

Route (app)                                                    Size     First Load JS
鈹?鈼?/                                                          178 B          87.5 kB
鈹?鈼?/_not-found                                                178 B          87.5 kB
鈹?鈼?/[locale]                                                  13.7 kB         146 kB
鈹?  鈹?/en
鈹?  鈹?/zh
鈹?  鈹?/tw
鈹?  鈹?[+7 more paths]
鈹?鈼?/[locale]/admin                                            178 B          87.5 kB
鈹?  鈹?/en/admin
鈹?  鈹?/zh/admin
鈹?  鈹?/tw/admin
鈹?  鈹?[+7 more paths]
鈹?鈼?/[locale]/admin/newsletters                                816 B           321 kB
鈹?  鈹?/en/admin/newsletters
鈹?  鈹?/zh/admin/newsletters
鈹?  鈹?/tw/admin/newsletters
鈹?  鈹?[+7 more paths]
鈹?鈼?/[locale]/admin/newsletters/new                            1.73 kB         294 kB
鈹?  鈹?/en/admin/newsletters/new
鈹?  鈹?/zh/admin/newsletters/new
鈹?  鈹?/tw/admin/newsletters/new
鈹?  鈹?[+7 more paths]
鈹?鈼?/[locale]/admin/order/giftcode                             2.7 kB          428 kB
鈹?  鈹?/en/admin/order/giftcode
鈹?  鈹?/zh/admin/order/giftcode
鈹?  鈹?/tw/admin/order/giftcode
鈹?  鈹?[+7 more paths]
鈹?鈼?/[locale]/admin/order/product                              2.74 kB         445 kB
鈹?  鈹?/en/admin/order/product
鈹?  鈹?/zh/admin/order/product
鈹?  鈹?/tw/admin/order/product
鈹?  鈹?[+7 more paths]
鈹?鈼?/[locale]/admin/subscribers                                762 B           321 kB
鈹?  鈹?/en/admin/subscribers
鈹?  鈹?/zh/admin/subscribers
鈹?  鈹?/tw/admin/subscribers
鈹?  鈹?[+7 more paths]
鈹?鈼?/[locale]/app                                              5.62 kB         168 kB
鈹?  鈹?/en/app
鈹?  鈹?/zh/app
鈹?  鈹?/tw/app
鈹?  鈹?[+7 more paths]
鈹?鈼?/[locale]/app/charts                                       117 kB          234 kB
鈹?  鈹?/en/app/charts
鈹?  鈹?/zh/app/charts
鈹?  鈹?/tw/app/charts
鈹?  鈹?[+7 more paths]
鈹?鈼?/[locale]/app/generate                                     239 B           286 kB
鈹?  鈹?/en/app/generate
鈹?  鈹?/zh/app/generate
鈹?  鈹?/tw/app/generate
鈹?  鈹?[+7 more paths]
鈹?鈼?/[locale]/app/giftcode                                     23.9 kB         175 kB
鈹?  鈹?/en/app/giftcode
鈹?  鈹?/zh/app/giftcode
鈹?  鈹?/tw/app/giftcode
鈹?  鈹?[+7 more paths]
鈹?鈼?/[locale]/app/history                                      8.92 kB         294 kB
鈹?  鈹?/en/app/history
鈹?  鈹?/zh/app/history
鈹?  鈹?/tw/app/history
鈹?  鈹?[+7 more paths]
鈹?鈼?/[locale]/app/order                                        7.42 kB         164 kB
鈹?  鈹?/en/app/order
鈹?  鈹?/zh/app/order
鈹?  鈹?/tw/app/order
鈹?  鈹?[+7 more paths]
鈹?鈼?/[locale]/blocked                                          178 B          87.5 kB
鈹?  鈹?/en/blocked
鈹?  鈹?/zh/blocked
鈹?  鈹?/tw/blocked
鈹?  鈹?[+7 more paths]
鈹?鈼?/[locale]/blog                                             153 B           133 kB
鈹?  鈹?/en/blog
鈹?  鈹?/zh/blog
鈹?  鈹?/tw/blog
鈹?  鈹?[+7 more paths]
鈹?鈼?/[locale]/blog/[slug]                                      2.23 kB         146 kB
鈹?  鈹?/en/blog/ar%2Ffluxai-text-to-image-website-launch
鈹?  鈹?/en/blog/ar%2Fnew-schnell-trials-and-bonus-points-offer
鈹?  鈹?/en/blog/en%2Ffluxai-text-to-image-website-launch
鈹?  鈹?[+197 more paths]
鈹?鈼?/[locale]/blog/category/[slug]                             154 B           133 kB
鈹?  鈹?/en/blog/category/news
鈹?  鈹?/en/blog/category/education
鈹?  鈹?/zh/blog/category/news
鈹?  鈹?[+17 more paths]
鈹?鈼?/[locale]/confirm/[token]                                  3.97 kB        91.3 kB
鈹?鈼?/[locale]/d/[slug]                                         3.94 kB         171 kB
鈹?鈼?/[locale]/explore                                          1.77 kB         287 kB
鈹?  鈹?/en/explore
鈹?  鈹?/zh/explore
鈹?  鈹?/tw/explore
鈹?  鈹?[+7 more paths]
鈹?鈼?/[locale]/explore/[page]                                   1.77 kB         287 kB
鈹?鈼?/[locale]/flux-ai                                          181 B          94.2 kB
鈹?  鈹?/en/flux-ai
鈹?  鈹?/zh/flux-ai
鈹?  鈹?/tw/flux-ai
鈹?  鈹?[+7 more paths]
鈹?鈼?/[locale]/flux-prompt-generator                            16.7 kB         196 kB
鈹?  鈹?/en/flux-prompt-generator
鈹?  鈹?/zh/flux-prompt-generator
鈹?  鈹?/tw/flux-prompt-generator
鈹?  鈹?[+7 more paths]
鈹?鈼?/[locale]/flux-schnell                                     6.13 kB         275 kB
鈹?  鈹?/en/flux-schnell
鈹?  鈹?/zh/flux-schnell
鈹?  鈹?/tw/flux-schnell
鈹?  鈹?[+7 more paths]
鈹?鈼?/[locale]/krea-alternative                                 181 B          94.2 kB
鈹?  鈹?/en/krea-alternative
鈹?  鈹?/zh/krea-alternative
鈹?  鈹?/tw/krea-alternative
鈹?  鈹?[+7 more paths]
鈹?鈼?/[locale]/newsletters/[id]                                 178 B          87.5 kB
鈹?鈼?/[locale]/pricing                                          553 B          87.9 kB
鈹?  鈹?/en/pricing
鈹?  鈹?/zh/pricing
鈹?  鈹?/tw/pricing
鈹?  鈹?[+7 more paths]
鈹?鈼?/[locale]/privacy-policy                                   178 B          87.5 kB
鈹?  鈹?/en/privacy-policy
鈹?  鈹?/zh/privacy-policy
鈹?  鈹?/tw/privacy-policy
鈹?  鈹?[+7 more paths]
鈹?鈼?/[locale]/sign-in/[[...sign-in]]                           178 B          87.5 kB
鈹?鈼?/[locale]/sign-up/[[...sign-up]]                           178 B          87.5 kB
鈹?鈼?/[locale]/signin                                           4.87 kB         130 kB
鈹?  鈹?/en/signin
鈹?  鈹?/zh/signin
鈹?  鈹?/tw/signin
鈹?  鈹?[+7 more paths]
鈹?鈼?/[locale]/terms-of-use                                     178 B          87.5 kB
鈹?  鈹?/en/terms-of-use
鈹?  鈹?/zh/terms-of-use
鈹?  鈹?/tw/terms-of-use
鈹?  鈹?[+7 more paths]
鈹?茠 /api/account                                               0 B                0 B
鈹?茠 /api/activity                                              0 B                0 B
鈹?茠 /api/auth/[...nextauth]                                    0 B                0 B
鈹?茠 /api/billings                                              0 B                0 B
鈹?茠 /api/charge-order                                          0 B                0 B
鈹?茠 /api/download                                              0 B                0 B
鈹?茠 /api/favicon                                               0 B                0 B
鈹?茠 /api/generate                                              0 B                0 B
鈹?茠 /api/gift-code                                             0 B                0 B
鈹?茠 /api/link-preview                                          0 B                0 B
鈹?茠 /api/media                                                 0 B                0 B
鈹?茠 /api/mine-flux                                             0 B                0 B
鈹?茠 /api/newsletter                                            0 B                0 B
鈹?茠 /api/offer                                                 0 B                0 B
鈹?茠 /api/og                                                    0 B                0 B
鈹?茠 /api/order                                                 0 B                0 B
鈹?茠 /api/prompt                                                0 B                0 B
鈹?茠 /api/reactions                                             0 B                0 B
鈹?茠 /api/s3                                                    0 B                0 B
鈹?茠 /api/s3/sts                                                0 B                0 B
鈹?茠 /api/task                                                  0 B                0 B
鈹?茠 /api/test-db                                               0 B                0 B
鈹?茠 /api/webhooks/replicate                                    0 B                0 B
鈹?茠 /api/webhooks/stripe                                       0 B                0 B
鈹?茠 /api/webhooks/task                                         0 B                0 B
鈹?鈼?/opengraph-image.jpg                                       0 B                0 B
鈹?鈼?/robots.txt                                                0 B                0 B
鈹?鈼?/sitemap.xml                                               0 B                0 B
+ First Load JS shared by all                                  87.3 kB
  鈹?chunks/7023-492bc5069e531a91.js                            31.6 kB
  鈹?chunks/fd9d1056-ee0950b4dbf7424e.js                        53.6 kB
  鈹?other shared chunks (total)                                2.08 kB


茠 Middleware                                                   87.4 kB

鈼? (Static)   prerendered as static content
鈼? (SSG)      prerendered as static HTML (uses getStaticProps)
茠  (Dynamic)  server-rendered on demand

